// Jest Snapshot v1, https://goo.gl/fbAQLP

exports[`InvoiceItem component AddInvoiceItem should render correctly 1`] = `
<button
  onClick={[Function]}
>
  New Item
</button>
`;
