// Jest Snapshot v1, https://goo.gl/fbAQLP

exports[`App component App should render correctly 1`] = `
<div
  className="App"
>
  <div
    className="App-header"
  >
    <img
      alt="logo"
      className="App-logo"
      src="logo.svg"
    />
    <h3>
      Welcome to Invoice Editor
    </h3>
  </div>
  <div />
</div>
`;
